// Vitest Snapshot v1, https://vitest.dev/guide/snapshot.html

exports[`echo after comfirm 1`] = `
<div>
  <dialog
    class="w-screen max-w-none m-0 mt-auto text-stone-950 outline-none"
  >
    <div
      class="flex flex-col w-full h-[248px] py-3"
    >
      <div
        class="flex justify-between items-center px-3"
      >
        <button>
          取消
        </button>
        <button>
          确定
        </button>
      </div>
      <div
        class="flex-1 mt-2 overflow-hidden"
      >
        <div
          class="reactive h-full"
        >
          <div
            class="absolute w-full h-7 border-y border-stone-300"
          />
          <ul
            class="flex justify-center gap-6 h-full text-lg"
          >
            <li
              class="flex flex-col items-center overflow-hidden"
            >
              <span
                style="transform: translateY(-280px);"
              >
                2013年
              </span>
              <span
                style="transform: translateY(-280px);"
              >
                2014年
              </span>
              <span
                style="transform: translateY(-280px);"
              >
                2015年
              </span>
              <span
                style="transform: translateY(-280px);"
              >
                2016年
              </span>
              <span
                style="transform: translateY(-280px);"
              >
                2017年
              </span>
              <span
                style="transform: translateY(-280px);"
              >
                2018年
              </span>
              <span
                style="transform: translateY(-280px);"
              >
                2019年
              </span>
              <span
                style="transform: translateY(-280px);"
              >
                2020年
              </span>
              <span
                style="transform: translateY(-280px);"
              >
                2021年
              </span>
              <span
                style="transform: translateY(-280px);"
              >
                2022年
              </span>
              <span
                style="transform: translateY(-280px);"
              >
                2023年
              </span>
              <span
                style="transform: translateY(-280px);"
              >
                2024年
              </span>
              <span
                style="transform: translateY(-280px);"
              >
                2025年
              </span>
              <span
                style="transform: translateY(-280px);"
              >
                2026年
              </span>
              <span
                style="transform: translateY(-280px);"
              >
                2027年
              </span>
              <span
                style="transform: translateY(-280px);"
              >
                2028年
              </span>
              <span
                style="transform: translateY(-280px);"
              >
                2029年
              </span>
              <span
                style="transform: translateY(-280px);"
              >
                2030年
              </span>
              <span
                style="transform: translateY(-280px);"
              >
                2031年
              </span>
              <span
                style="transform: translateY(-280px);"
              >
                2032年
              </span>
              <span
                style="transform: translateY(-280px);"
              >
                2033年
              </span>
            </li>
            <li
              class="flex flex-col items-center overflow-hidden"
            >
              <span
                style="transform: translateY(-280px);"
              >
                1月
              </span>
              <span
                style="transform: translateY(-280px);"
              >
                2月
              </span>
              <span
                style="transform: translateY(-280px);"
              >
                3月
              </span>
              <span
                style="transform: translateY(-280px);"
              >
                4月
              </span>
              <span
                style="transform: translateY(-280px);"
              >
                5月
              </span>
              <span
                style="transform: translateY(-280px);"
              >
                6月
              </span>
              <span
                style="transform: translateY(-280px);"
              >
                7月
              </span>
              <span
                style="transform: translateY(-280px);"
              >
                8月
              </span>
              <span
                style="transform: translateY(-280px);"
              >
                9月
              </span>
              <span
                style="transform: translateY(-280px);"
              >
                10月
              </span>
              <span
                style="transform: translateY(-280px);"
              >
                11月
              </span>
              <span
                style="transform: translateY(-280px);"
              >
                12月
              </span>
            </li>
            <li
              class="flex flex-col items-center overflow-hidden"
            >
              <span
                style="transform: translateY(-28px);"
              >
                1日
              </span>
              <span
                style="transform: translateY(-28px);"
              >
                2日
              </span>
              <span
                style="transform: translateY(-28px);"
              >
                3日
              </span>
              <span
                style="transform: translateY(-28px);"
              >
                4日
              </span>
              <span
                style="transform: translateY(-28px);"
              >
                5日
              </span>
              <span
                style="transform: translateY(-28px);"
              >
                6日
              </span>
              <span
                style="transform: translateY(-28px);"
              >
                7日
              </span>
              <span
                style="transform: translateY(-28px);"
              >
                8日
              </span>
              <span
                style="transform: translateY(-28px);"
              >
                9日
              </span>
              <span
                style="transform: translateY(-28px);"
              >
                10日
              </span>
              <span
                style="transform: translateY(-28px);"
              >
                11日
              </span>
              <span
                style="transform: translateY(-28px);"
              >
                12日
              </span>
              <span
                style="transform: translateY(-28px);"
              >
                13日
              </span>
              <span
                style="transform: translateY(-28px);"
              >
                14日
              </span>
              <span
                style="transform: translateY(-28px);"
              >
                15日
              </span>
              <span
                style="transform: translateY(-28px);"
              >
                16日
              </span>
              <span
                style="transform: translateY(-28px);"
              >
                17日
              </span>
              <span
                style="transform: translateY(-28px);"
              >
                18日
              </span>
              <span
                style="transform: translateY(-28px);"
              >
                19日
              </span>
              <span
                style="transform: translateY(-28px);"
              >
                20日
              </span>
              <span
                style="transform: translateY(-28px);"
              >
                21日
              </span>
              <span
                style="transform: translateY(-28px);"
              >
                22日
              </span>
              <span
                style="transform: translateY(-28px);"
              >
                23日
              </span>
              <span
                style="transform: translateY(-28px);"
              >
                24日
              </span>
              <span
                style="transform: translateY(-28px);"
              >
                25日
              </span>
              <span
                style="transform: translateY(-28px);"
              >
                26日
              </span>
              <span
                style="transform: translateY(-28px);"
              >
                27日
              </span>
              <span
                style="transform: translateY(-28px);"
              >
                28日
              </span>
              <span
                style="transform: translateY(-28px);"
              >
                29日
              </span>
              <span
                style="transform: translateY(-28px);"
              >
                30日
              </span>
            </li>
          </ul>
        </div>
      </div>
    </div>
  </dialog>
</div>
`;

exports[`render 1`] = `
<div>
  <dialog
    class="w-screen max-w-none m-0 mt-auto text-stone-950 outline-none"
  >
    <div
      class="flex flex-col w-full h-[248px] py-3"
    >
      <div
        class="flex justify-between items-center px-3"
      >
        <button>
          取消
        </button>
        <button>
          确定
        </button>
      </div>
      <div
        class="flex-1 mt-2 overflow-hidden"
      >
        <div
          class="reactive h-full"
        >
          <div
            class="absolute w-full h-7 border-y border-stone-300"
          />
          <ul
            class="flex justify-center gap-6 h-full text-lg"
          >
            <li
              class="flex flex-col items-center overflow-hidden"
            >
              <span
                style="transform: translateY(-280px);"
              >
                2013年
              </span>
              <span
                style="transform: translateY(-280px);"
              >
                2014年
              </span>
              <span
                style="transform: translateY(-280px);"
              >
                2015年
              </span>
              <span
                style="transform: translateY(-280px);"
              >
                2016年
              </span>
              <span
                style="transform: translateY(-280px);"
              >
                2017年
              </span>
              <span
                style="transform: translateY(-280px);"
              >
                2018年
              </span>
              <span
                style="transform: translateY(-280px);"
              >
                2019年
              </span>
              <span
                style="transform: translateY(-280px);"
              >
                2020年
              </span>
              <span
                style="transform: translateY(-280px);"
              >
                2021年
              </span>
              <span
                style="transform: translateY(-280px);"
              >
                2022年
              </span>
              <span
                style="transform: translateY(-280px);"
              >
                2023年
              </span>
              <span
                style="transform: translateY(-280px);"
              >
                2024年
              </span>
              <span
                style="transform: translateY(-280px);"
              >
                2025年
              </span>
              <span
                style="transform: translateY(-280px);"
              >
                2026年
              </span>
              <span
                style="transform: translateY(-280px);"
              >
                2027年
              </span>
              <span
                style="transform: translateY(-280px);"
              >
                2028年
              </span>
              <span
                style="transform: translateY(-280px);"
              >
                2029年
              </span>
              <span
                style="transform: translateY(-280px);"
              >
                2030年
              </span>
              <span
                style="transform: translateY(-280px);"
              >
                2031年
              </span>
              <span
                style="transform: translateY(-280px);"
              >
                2032年
              </span>
              <span
                style="transform: translateY(-280px);"
              >
                2033年
              </span>
            </li>
            <li
              class="flex flex-col items-center overflow-hidden"
            >
              <span
                style="transform: translateY(-280px);"
              >
                1月
              </span>
              <span
                style="transform: translateY(-280px);"
              >
                2月
              </span>
              <span
                style="transform: translateY(-280px);"
              >
                3月
              </span>
              <span
                style="transform: translateY(-280px);"
              >
                4月
              </span>
              <span
                style="transform: translateY(-280px);"
              >
                5月
              </span>
              <span
                style="transform: translateY(-280px);"
              >
                6月
              </span>
              <span
                style="transform: translateY(-280px);"
              >
                7月
              </span>
              <span
                style="transform: translateY(-280px);"
              >
                8月
              </span>
              <span
                style="transform: translateY(-280px);"
              >
                9月
              </span>
              <span
                style="transform: translateY(-280px);"
              >
                10月
              </span>
              <span
                style="transform: translateY(-280px);"
              >
                11月
              </span>
              <span
                style="transform: translateY(-280px);"
              >
                12月
              </span>
            </li>
            <li
              class="flex flex-col items-center overflow-hidden"
            >
              <span
                style="transform: translateY(-28px);"
              >
                1日
              </span>
              <span
                style="transform: translateY(-28px);"
              >
                2日
              </span>
              <span
                style="transform: translateY(-28px);"
              >
                3日
              </span>
              <span
                style="transform: translateY(-28px);"
              >
                4日
              </span>
              <span
                style="transform: translateY(-28px);"
              >
                5日
              </span>
              <span
                style="transform: translateY(-28px);"
              >
                6日
              </span>
              <span
                style="transform: translateY(-28px);"
              >
                7日
              </span>
              <span
                style="transform: translateY(-28px);"
              >
                8日
              </span>
              <span
                style="transform: translateY(-28px);"
              >
                9日
              </span>
              <span
                style="transform: translateY(-28px);"
              >
                10日
              </span>
              <span
                style="transform: translateY(-28px);"
              >
                11日
              </span>
              <span
                style="transform: translateY(-28px);"
              >
                12日
              </span>
              <span
                style="transform: translateY(-28px);"
              >
                13日
              </span>
              <span
                style="transform: translateY(-28px);"
              >
                14日
              </span>
              <span
                style="transform: translateY(-28px);"
              >
                15日
              </span>
              <span
                style="transform: translateY(-28px);"
              >
                16日
              </span>
              <span
                style="transform: translateY(-28px);"
              >
                17日
              </span>
              <span
                style="transform: translateY(-28px);"
              >
                18日
              </span>
              <span
                style="transform: translateY(-28px);"
              >
                19日
              </span>
              <span
                style="transform: translateY(-28px);"
              >
                20日
              </span>
              <span
                style="transform: translateY(-28px);"
              >
                21日
              </span>
              <span
                style="transform: translateY(-28px);"
              >
                22日
              </span>
              <span
                style="transform: translateY(-28px);"
              >
                23日
              </span>
              <span
                style="transform: translateY(-28px);"
              >
                24日
              </span>
              <span
                style="transform: translateY(-28px);"
              >
                25日
              </span>
              <span
                style="transform: translateY(-28px);"
              >
                26日
              </span>
              <span
                style="transform: translateY(-28px);"
              >
                27日
              </span>
              <span
                style="transform: translateY(-28px);"
              >
                28日
              </span>
              <span
                style="transform: translateY(-28px);"
              >
                29日
              </span>
              <span
                style="transform: translateY(-28px);"
              >
                30日
              </span>
            </li>
          </ul>
        </div>
      </div>
    </div>
  </dialog>
</div>
`;
