// Vitest Snapshot v1, https://vitest.dev/guide/snapshot.html

exports[`render 1`] = `
<div>
  <dialog
    class="w-screen max-w-none m-0 mt-auto text-stone-950 outline-none"
  >
    <div
      class="flex flex-col w-full h-[248px] py-3"
    >
      <div
        class="flex justify-between items-center px-3"
      >
        <button>
          取消
        </button>
      </div>
      <div
        class="flex-1 mt-2 overflow-hidden"
      />
    </div>
  </dialog>
</div>
`;
